MsgBus.h:43:5:bool FC::MsgBus::getBodyAngularVelocity(FC::BodyAngularVelocity*)	32	static
MsgBus.h:49:5:bool FC::MsgBus::getController(FC::Controller*)	24	static
MsgBus.h:50:5:bool FC::MsgBus::getVehicleAttitueSP(FC::VehicleAttitueSP*)	32	static
MsgBus.h:53:5:bool FC::MsgBus::getAttitude(FC::Attitude*)	32	static
MsgBus.h:58:5:bool FC::MsgBus::getModeFlag(FC::ModeFlag*)	24	static
MsgBus.h:62:5:void FC::MsgBus::setMotorPWM(const FC::MotorPWM&)	24	static
Second_att_control_codeblock_fly.h:288:8:void px4_AlgorithmModelClass::setExternalInputs(const px4_AlgorithmModelClass::ExtU_Second_att_control_codeb_T*)	24	static
Second_att_control_codeblock_fly.h:298:7:const px4_AlgorithmModelClass::ExtY_Second_att_control_codeb_T& px4_AlgorithmModelClass::getExternalOutputs() const	16	static
Usec.h:18:26:uint64_t microsecond()	12	static
ModuleAttitudeController.cpp:15:1:FC::ModuleAttitudeController::ModuleAttitudeController()	16	static
ModuleAttitudeController.cpp:17:6:void FC::ModuleAttitudeController::oneStep()	88	static
ModuleAttitudeController.cpp:71:6:void FC::ModuleAttitudeController::setFromPositionController()	16	static
ModuleAttitudeController.cpp:79:6:void FC::ModuleAttitudeController::setFromRC()	16	static
ModuleAttitudeController.cpp:91:6:void FC::ModuleAttitudeController::setMotor(uint16_t, uint16_t, uint16_t, uint16_t, uint16_t, uint16_t)	32	static
