MPU9250.c:17:6:MPU9250	16	static
MPU9250.c:57:6:MPU9250_updateDMA	16	static
MPU9250.c:63:9:MPU9250_i2cRxCpltCallback	16	static
MPU9250.c:87:18:MPU9250_calRawData	4	static
MPU9250.c:102:6:MPU9250_calCalibValue	4	static
MPU9250.c:120:18:AK8963_calRawData	4	static
MPU9250.c:129:6:AK8963_calCalibValue	4	static
MPU9250.c:136:6:MPU9250_getMres	4	static
MPU9250.c:150:6:MPU9250_getGres	4	static
MPU9250.c:172:6:MPU9250_getAres	4	static
MPU9250.c:194:6:MPU9250_readAccelData	16	static
MPU9250.c:203:6:MPU9250_readGyroData	16	static
MPU9250.c:212:6:MPU9250_readMagData	16	static
MPU9250.c:226:10:MPU9250_readTempData	16	static
MPU9250.c:235:6:MPU9250_resetMPU9250	8	static
MPU9250.c:241:6:MPU9250_initAK8963	16	static
MPU9250.c:265:6:MPU9250_initMPU9250	16	static
MPU9250.c:322:6:MPU9250_calibrateMPU9250	88	static
MPU9250.c:470:6:MPU9250_SelfTest	136	static
MPU9250.c:554:6:MPU9250_writeByte	32	static
MPU9250.c:559:6:MPU9250_readBytes	40	static
MPU9250.c:564:6:MPU9250_readByte	24	static
MPU9250.c:571:7:invSqrt	32	static
