RtosI2C.cpp:15:1:FC::RtosI2C::RtosI2C(I2C_HandleTypeDef*, FC::RtosI2Ctype)	24	static
RtosI2C.cpp:26:6:void FC::RtosI2C::read(uint16_t, uint16_t, uint8_t*, uint16_t)	40	static
RtosI2C.cpp:41:6:void FC::RtosI2C::write(uint16_t, uint16_t, uint8_t*, uint16_t)	40	static
RtosI2C.cpp:56:6:void FC::RtosI2C::readCpltCallback(I2C_HandleTypeDef*)	24	static
RtosI2C.cpp:62:6:void FC::RtosI2C::writeCpltCallback(I2C_HandleTypeDef*)	24	static
RtosI2C.cpp:68:1:void __static_initialization_and_destruction_0(int, int)	16	static
RtosI2C.cpp:68:1:cpp)	8	static
