MsgBus.h:47:5:bool FC::MsgBus::getController(FC::Controller*)	24	static
MsgBus.h:52:5:bool FC::MsgBus::getModeFlag(FC::ModeFlag*)	24	static
MsgBus.h:52:5:void FC::MsgBus::setModeFlag(const FC::ModeFlag&)	16	static
Usec.h:18:26:uint64_t microsecond()	12	static
ModuleCommander.cpp:29:1:FC::ModuleCommander::ModuleCommander()	16	static
ModuleCommander.cpp:34:6:static void FC::ModuleCommander::main()	32	static
ModuleCommander.cpp:45:6:static bool FC::ModuleCommander::sendCommand(FC::Command)	16	static
ModuleCommander.cpp:53:6:bool FC::ModuleCommander::commandHandler(FC::Command)	16	static
ModuleCommander.cpp:88:6:bool FC::ModuleCommander::toAttitude()	16	static
ModuleCommander.cpp:95:6:bool FC::ModuleCommander::toPosition()	16	static
ModuleCommander.cpp:98:6:bool FC::ModuleCommander::toWaypoint()	16	static
ModuleCommander.cpp:102:6:bool FC::ModuleCommander::toRTL()	16	static
ModuleCommander.cpp:105:6:bool FC::ModuleCommander::toTakeoff()	16	static
ModuleCommander.cpp:109:6:bool FC::ModuleCommander::toLand()	16	static
ModuleCommander.cpp:113:6:bool FC::ModuleCommander::toArm()	56	static
ModuleCommander.cpp:132:6:bool FC::ModuleCommander::toDisArm()	64	static
ModuleCommander.cpp:154:6:bool FC::ModuleCommander::toMotorCalibration()	32	static
