cmath:184:3:constexpr float std::cos(float)	16	static
cmath:425:3:constexpr float std::sin(float)	16	static
positionControl.h:454:8:void positionControlModelClass::setExternalInputs(const ExtU_positionControl_T*)	16	static
positionControl.h:462:34:const ExtY_positionControl_T& positionControlModelClass::getExternalOutputs() const	16	static
MsgBus.h:48:5:bool FC::MsgBus::getController(FC::Controller*)	24	static
MsgBus.h:49:5:void FC::MsgBus::setVehicleAttitueSP(const FC::VehicleAttitueSP&)	24	static
MsgBus.h:55:5:bool FC::MsgBus::getLocalPosition(FC::LocalPosition*)	32	static
MsgBus.h:57:5:bool FC::MsgBus::getModeFlag(FC::ModeFlag*)	24	static
Usec.h:18:26:uint64_t microsecond()	12	static
function.h:15:14:float FC::map(uint16_t, uint16_t, uint16_t, float, float)	24	static
function.h:19:14:float FC::radianThreshold(float)	16	static
ModulePositionController.cpp:17:1:FC::ModulePositionController::ModulePositionController()	16	static
ModulePositionController.cpp:21:6:void FC::ModulePositionController::oneStep()	128	static
ModulePositionController.cpp:70:6:void FC::ModulePositionController::setFromRC()	40	static
ModulePositionController.cpp:139:6:void FC::ModulePositionController::setFromAutoController()	16	static
