MsgBus.h:48:5:bool FC::MsgBus::getController(FC::Controller*)	24	static
MsgBus.h:57:5:void FC::MsgBus::setModeFlag(const FC::ModeFlag&)	16	static
Usec.h:19:26:uint64_t microsecond()	12	static
ModulePositionController.h:66:21:static void FC::ModulePositionController::setSignal(FC::PcSignal)	16	static
ModuleAttitudeController.h:45:21:static void FC::ModuleAttitudeController::setSignal(FC::AcSignal)	16	static
ModuleCommander.cpp:31:1:FC::ModuleCommander::ModuleCommander()	16	static
ModuleCommander.cpp:36:6:static void FC::ModuleCommander::main()	80	static
ModuleCommander.cpp:54:6:static bool FC::ModuleCommander::sendCommand(FC::Command)	16	static
ModuleCommander.cpp:62:6:static void FC::ModuleCommander::sendSignal(FC::CmdSignal)	16	static
ModuleCommander.cpp:66:6:bool FC::ModuleCommander::commandHandler(FC::Command)	16	static
ModuleCommander.cpp:101:6:bool FC::ModuleCommander::toAttitude()	24	static
ModuleCommander.cpp:118:6:bool FC::ModuleCommander::toPosition()	24	static
ModuleCommander.cpp:137:6:bool FC::ModuleCommander::toWaypoint()	16	static
ModuleCommander.cpp:141:6:bool FC::ModuleCommander::toRTL()	16	static
ModuleCommander.cpp:144:6:bool FC::ModuleCommander::toTakeoff()	16	static
ModuleCommander.cpp:148:6:bool FC::ModuleCommander::toLand()	16	static
ModuleCommander.cpp:152:6:bool FC::ModuleCommander::toArm()	24	static
ModuleCommander.cpp:177:6:bool FC::ModuleCommander::toDisArm()	24	static
ModuleCommander.cpp:198:6:bool FC::ModuleCommander::toMotorCalibration()	32	static
ModuleCommander.cpp:216:6:bool FC::ModuleCommander::stopTheOtherTask()	16	static
ModuleCommander.cpp:230:6:void FC::ModuleCommander::resetController()	16	static
