MsgBus.h:52:5:bool FC::MsgBus::getModeFlag(FC::ModeFlag*)	24	static
MsgBus.h:52:5:void FC::MsgBus::setModeFlag(const FC::ModeFlag&)	16	static
Usec.h:19:26:uint64_t microsecond()	12	static
ModuleCommander.cpp:28:1:FC::ModuleCommander::ModuleCommander()	16	static
ModuleCommander.cpp:33:6:static void FC::ModuleCommander::main()	32	static
ModuleCommander.cpp:44:6:static bool FC::ModuleCommander::sendCommand(FC::Command)	16	static
ModuleCommander.cpp:52:6:bool FC::ModuleCommander::commandHandler(FC::Command)	16	static
ModuleCommander.cpp:83:6:bool FC::ModuleCommander::toAttitude()	16	static
ModuleCommander.cpp:90:6:bool FC::ModuleCommander::toPosition()	16	static
ModuleCommander.cpp:93:6:bool FC::ModuleCommander::toWaypoint()	16	static
ModuleCommander.cpp:97:6:bool FC::ModuleCommander::toRTL()	16	static
ModuleCommander.cpp:100:6:bool FC::ModuleCommander::toTakeoff()	16	static
ModuleCommander.cpp:104:6:bool FC::ModuleCommander::toLand()	16	static
ModuleCommander.cpp:108:6:bool FC::ModuleCommander::toArm()	40	static
ModuleCommander.cpp:119:6:bool FC::ModuleCommander::toDisArm()	40	static
