bme280.c:13:6:BME280	16	static
bme280.c:17:9:BME280_getChipID	16	static
bme280.c:21:6:BME280_reset	8	static
bme280.c:25:9:BME280_readTemperature	16	static
bme280.c:31:9:BME280_readPressure	16	static
bme280.c:36:9:BME280_readHumidity	16	static
bme280.c:42:6:BME280_init	56	static
bme280.c:78:9:BME280_compensate_T	32	static
bme280.c:90:10:BME280_compensate_P	64	static
bme280.c:113:10:BME280_compensate_H	24	static
bme280.c:126:6:BME280_writeByte	32	static
bme280.c:129:6:BME280_readBytes	40	static
bme280.c:132:9:BME280_readByte	24	static
