bme280.c:14:6:BME280	16	static
bme280.c:19:6:BME280_updateIT	16	static
bme280.c:30:6:BME280_i2cRxCpltCallback	24	static
bme280.c:44:6:BME280_calHz	4	static
bme280.c:49:9:BME280_getChipID	16	static
bme280.c:53:6:BME280_reset	8	static
bme280.c:57:9:BME280_readTemperature	16	static
bme280.c:63:9:BME280_readPressure	16	static
bme280.c:68:9:BME280_readHumidity	16	static
bme280.c:74:6:BME280_init	72	static
bme280.c:121:9:BME280_compensate_T	32	static
bme280.c:133:10:BME280_compensate_P	64	static
bme280.c:156:10:BME280_compensate_H	24	static
bme280.c:169:6:BME280_writeByte	32	static
bme280.c:172:6:BME280_readBytes	40	static
bme280.c:175:9:BME280_readByte	24	static
