MPU9250.c:18:6:MPU9250	16	static
MPU9250.c:60:6:MPU9250_calHz	8	static
MPU9250.c:70:6:MPU9250_updateDMA	16	static
MPU9250.c:78:6:MPU9250_i2cRxCpltCallback	24	static
MPU9250.c:108:18:MPU9250_calRawData	4	static
MPU9250.c:123:6:MPU9250_calCalibValue	4	static
MPU9250.c:141:6:MPU9250_madgwickAHRSupdateIMU	152	static
MPU9250.c:237:6:MPU9250_madgwickAHRSupdate	216	static
MPU9250.c:341:6:MPU9250_calRPY	16	static
MPU9250.c:347:18:AK8963_calRawData	4	static
MPU9250.c:356:6:AK8963_calCalibValue	4	static
MPU9250.c:363:10:MPU9250_getHz	4	static
MPU9250.c:364:7:MPU9250_getAx	4	static
MPU9250.c:365:7:MPU9250_getYx	4	static
MPU9250.c:366:7:MPU9250_getZx	4	static
MPU9250.c:367:7:MPU9250_getGx	4	static
MPU9250.c:368:7:MPU9250_getGy	4	static
MPU9250.c:369:7:MPU9250_getGz	4	static
MPU9250.c:372:6:MPU9250_getMres	4	static
MPU9250.c:386:6:MPU9250_getGres	4	static
MPU9250.c:408:6:MPU9250_getAres	4	static
MPU9250.c:430:6:MPU9250_readAccelData	16	static
MPU9250.c:439:6:MPU9250_readGyroData	16	static
MPU9250.c:448:6:MPU9250_readMagData	16	static
MPU9250.c:462:10:MPU9250_readTempData	16	static
MPU9250.c:471:6:MPU9250_resetMPU9250	8	static
MPU9250.c:477:6:MPU9250_initAK8963	16	static
MPU9250.c:501:6:MPU9250_initMPU9250	16	static
MPU9250.c:558:6:MPU9250_calibrateMPU9250	88	static
MPU9250.c:706:6:MPU9250_SelfTest	136	static
MPU9250.c:790:6:MPU9250_writeByte	32	static
MPU9250.c:795:6:MPU9250_readBytes	40	static
MPU9250.c:800:6:MPU9250_readByte	24	static
MPU9250.c:807:7:invSqrt	32	static
