MPU9250.c:17:6:MPU9250_main	16	static
MPU9250.c:31:6:MPU9250	16	static
MPU9250.c:73:6:MPU9250_calHz	8	static
MPU9250.c:83:6:MPU9250_updateDMA	16	static
MPU9250.c:91:6:MPU9250_rxCpltCallback	24	static
MPU9250.c:121:18:MPU9250_calRawData	4	static
MPU9250.c:136:6:MPU9250_calCalibValue	4	static
MPU9250.c:154:6:MPU9250_madgwickAHRSupdateIMU	152	static
MPU9250.c:250:6:MPU9250_madgwickAHRSupdate	216	static
MPU9250.c:354:6:MPU9250_calRPY	16	static
MPU9250.c:360:18:AK8963_calRawData	4	static
MPU9250.c:369:6:AK8963_calCalibValue	4	static
MPU9250.c:376:10:MPU9250_getHz	4	static
MPU9250.c:377:7:MPU9250_getAx	4	static
MPU9250.c:378:7:MPU9250_getYx	4	static
MPU9250.c:379:7:MPU9250_getZx	4	static
MPU9250.c:380:7:MPU9250_getGx	4	static
MPU9250.c:381:7:MPU9250_getGy	4	static
MPU9250.c:382:7:MPU9250_getGz	4	static
MPU9250.c:385:6:MPU9250_getMres	4	static
MPU9250.c:399:6:MPU9250_getGres	4	static
MPU9250.c:421:6:MPU9250_getAres	4	static
MPU9250.c:443:6:MPU9250_readAccelData	16	static
MPU9250.c:452:6:MPU9250_readGyroData	16	static
MPU9250.c:461:6:MPU9250_readMagData	16	static
MPU9250.c:475:10:MPU9250_readTempData	16	static
MPU9250.c:484:6:MPU9250_resetMPU9250	8	static
MPU9250.c:490:6:MPU9250_initAK8963	16	static
MPU9250.c:514:6:MPU9250_initMPU9250	16	static
MPU9250.c:571:6:MPU9250_calibrateMPU9250	88	static
MPU9250.c:719:6:MPU9250_SelfTest	136	static
MPU9250.c:803:6:MPU9250_writeByte	32	static
MPU9250.c:808:6:MPU9250_readBytes	40	static
MPU9250.c:813:6:MPU9250_readByte	24	static
MPU9250.c:820:7:invSqrt	32	static
