sbus.h:27:6:sbus_start	16	static
sbus.h:31:6:sbus_callback	16	static
sbus.h:59:10:sbus_getHz	16	static
sbus.h:65:6:sbus_print	16	static
sbus.h:72:10:sbus_getChannel	16	static
motor.h:13:6:motor_init	24	static
motor.h:18:6:motor_start	16	static
motor.h:22:6:motor_write	16	static
motor.h:30:6:motor_deinit	16	static
userMain.c:33:5:_write	24	static
userMain.c:42:6:rt_OneStep	8	static
userMain.c:62:6:printOut	40	static
userMain.c:67:6:printIn	120	static
userMain.c:76:6:userMain	8	static,ignoring_inline_asm
userMain.c:152:6:HAL_I2C_MemRxCpltCallback	24	static
userMain.c:163:6:HAL_TIM_PeriodElapsedCallback	16	static
userMain.c:174:6:HAL_UART_RxCpltCallback	16	static
