sbus.h:44:6:sbus_start	16	static
sbus.h:50:6:sbus_reset	16	static
sbus.h:54:6:sbus_decoding	16	static
sbus.h:94:6:sbus_callback	8	static
sbus.h:128:10:sbus_getHz	16	static
sbus.h:134:6:sbus_print	16	static
sbus.h:141:10:sbus_getChannel	16	static
motor.h:14:6:motor_init	24	static
motor.h:20:6:motor_write	16	static
motor.h:28:6:motor_start	16	static
motor.h:34:6:motor_deinit	16	static
userMain.c:36:5:_write	24	static
userMain.c:45:6:rt_OneStep	8	static
userMain.c:65:6:printOut	40	static
userMain.c:70:6:printIn	120	static
userMain.c:78:6:vehicleModeSwitch	16	static,ignoring_inline_asm
userMain.c:184:6:userMain	16	static
userMain.c:254:6:HAL_I2C_MemRxCpltCallback	24	static
userMain.c:265:6:HAL_TIM_PeriodElapsedCallback	16	static
userMain.c:278:6:HAL_UART_RxCpltCallback	16	static
