std_abs.h:70:3:constexpr double std::abs(double)	16	static
positionEstimator.cpp:71:17:real_T rtGetNaN()	40	static
positionEstimator.cpp:95:19:real32_T rtGetNaNF()	16	static
positionEstimator.cpp:109:15:void rt_InitInfAndNaN(size_t)	16	static
positionEstimator.cpp:121:20:boolean_T rtIsInf(real_T)	24	static
positionEstimator.cpp:127:20:boolean_T rtIsInfF(real32_T)	16	static
positionEstimator.cpp:133:20:boolean_T rtIsNaN(real_T)	40	static
positionEstimator.cpp:156:20:boolean_T rtIsNaNF(real32_T)	24	static
positionEstimator.cpp:170:17:real_T rtGetInf()	40	static
positionEstimator.cpp:194:19:real32_T rtGetInfF()	16	static
positionEstimator.cpp:205:17:real_T rtGetMinusInf()	40	static
positionEstimator.cpp:229:19:real32_T rtGetMinusInfF()	16	static
positionEstimator.cpp:237:8:real_T rt_modd_snf(real_T, real_T)	64	static
positionEstimator.cpp:275:8:real_T rt_atan2d_snf(real_T, real_T)	48	static
positionEstimator.cpp:312:6:void positionEstimatorModelClass::EKFCorrector_correctStateAndCov(real_T*, real_T*, const real_T*, const real_T*, const real_T*, const real_T*)	1000	static
positionEstimator.cpp:488:6:void positionEstimatorModelClass::step()	2304	static
positionEstimator.cpp:1614:6:void positionEstimatorModelClass::initialize()	32	static
positionEstimator.cpp:1683:1:positionEstimatorModelClass::positionEstimatorModelClass()	16	static
positionEstimator.cpp:1693:1:positionEstimatorModelClass::~positionEstimatorModelClass()	16	static
positionEstimator.cpp:1699:41:positionEstimatorModelClass::RT_MODEL* positionEstimatorModelClass::getRTM()	16	static
