Telemetry.cpp:14:1:FC::Telemetry::Telemetry(UART_HandleTypeDef*)	16	static
Telemetry.cpp:24:6:void FC::Telemetry::send(uint8_t*, uint16_t)	32	static
Telemetry.cpp:32:6:void FC::Telemetry::receive(uint8_t*, uint16_t)	32	static
Telemetry.cpp:40:6:void FC::Telemetry::rcvCompleteCallback(UART_HandleTypeDef*)	24	static
Telemetry.cpp:46:6:void FC::Telemetry::sendCompleteCallback(UART_HandleTypeDef*)	24	static
Telemetry.cpp:52:1:void __static_initialization_and_destruction_0(int, int)	16	static
Telemetry.cpp:52:1:cpp)	8	static
