stm32f4xx_it.c:85:6:NMI_Handler	4	static
stm32f4xx_it.c:98:6:HardFault_Handler	4	static
stm32f4xx_it.c:113:6:MemManage_Handler	4	static
stm32f4xx_it.c:128:6:BusFault_Handler	4	static
stm32f4xx_it.c:143:6:UsageFault_Handler	4	static
stm32f4xx_it.c:158:6:DebugMon_Handler	4	static
stm32f4xx_it.c:178:6:DMA1_Stream3_IRQHandler	8	static
stm32f4xx_it.c:192:6:DMA1_Stream5_IRQHandler	8	static
stm32f4xx_it.c:206:6:DMA1_Stream6_IRQHandler	8	static
stm32f4xx_it.c:220:6:TIM1_BRK_TIM9_IRQHandler	8	static
stm32f4xx_it.c:234:6:TIM2_IRQHandler	8	static
stm32f4xx_it.c:248:6:I2C1_EV_IRQHandler	8	static
stm32f4xx_it.c:262:6:I2C1_ER_IRQHandler	8	static
stm32f4xx_it.c:276:6:I2C2_EV_IRQHandler	8	static
stm32f4xx_it.c:290:6:I2C2_ER_IRQHandler	8	static
stm32f4xx_it.c:304:6:USART2_IRQHandler	8	static
stm32f4xx_it.c:318:6:TIM8_CC_IRQHandler	8	static
stm32f4xx_it.c:332:6:SDIO_IRQHandler	8	static
stm32f4xx_it.c:346:6:TIM6_DAC_IRQHandler	8	static
stm32f4xx_it.c:360:6:DMA2_Stream3_IRQHandler	8	static
stm32f4xx_it.c:374:6:DMA2_Stream6_IRQHandler	8	static
stm32f4xx_it.c:388:6:UART7_IRQHandler	8	static
stm32f4xx_it.c:402:6:UART8_IRQHandler	8	static
