stm32f4xx_it.c:82:6:NMI_Handler	4	static
stm32f4xx_it.c:95:6:HardFault_Handler	4	static
stm32f4xx_it.c:110:6:MemManage_Handler	4	static
stm32f4xx_it.c:125:6:BusFault_Handler	4	static
stm32f4xx_it.c:140:6:UsageFault_Handler	4	static
stm32f4xx_it.c:155:6:DebugMon_Handler	4	static
stm32f4xx_it.c:175:6:DMA1_Stream0_IRQHandler	8	static
stm32f4xx_it.c:189:6:DMA1_Stream3_IRQHandler	8	static
stm32f4xx_it.c:203:6:DMA1_Stream5_IRQHandler	8	static
stm32f4xx_it.c:217:6:TIM1_TRG_COM_TIM11_IRQHandler	8	static
stm32f4xx_it.c:231:6:I2C1_EV_IRQHandler	8	static
stm32f4xx_it.c:245:6:I2C1_ER_IRQHandler	8	static
stm32f4xx_it.c:259:6:I2C2_EV_IRQHandler	8	static
stm32f4xx_it.c:273:6:I2C2_ER_IRQHandler	8	static
stm32f4xx_it.c:287:6:USART3_IRQHandler	8	static
stm32f4xx_it.c:301:6:UART5_IRQHandler	8	static
stm32f4xx_it.c:315:6:TIM6_DAC_IRQHandler	8	static
stm32f4xx_it.c:329:6:UART7_IRQHandler	8	static
