MsgBus.h:44:5:void FC::MsgBus::setBodyMag(const FC::BodyMag&)	24	static
Usec.h:19:26:uint64_t microsecond()	12	static
SensorMag.cpp:14:1:FC::SensorMag::SensorMag()	16	static
SensorMag.cpp:33:6:void FC::SensorMag::setMag(float, float, float)	32	static
SensorMag.cpp:48:6:void FC::SensorMag::startCalibration()	24	static
SensorMag.cpp:54:6:void FC::SensorMag::endCalibration()	16	static
SensorMag.cpp:58:6:void FC::SensorMag::calCalibration(float, float, float)	32	static
SensorMag.cpp:88:1:void __static_initialization_and_destruction_0(int, int)	16	static
SensorMag.cpp:88:1:cpp)	8	static
