MsgBus.h:46:5:void FC::MsgBus::setBarometer(const FC::Barometer&)	24	static
Usec.h:19:26:uint64_t microsecond()	12	static
SensorBaro.h:15:2:FC::SensorBaro::SensorBaro()	16	static
SensorBaro.cpp:15:6:void FC::SensorBaro::setBaro(float, float)	32	static
SensorBaro.cpp:34:6:void FC::SensorBaro::setSeaLevelPressure(float)	16	static
SensorBaro.cpp:38:6:void FC::SensorBaro::setRefAltitude()	16	static
SensorBaro.cpp:42:7:float FC::SensorBaro::calAltitude(float, float)	32	static
SensorBaro.cpp:46:7:float FC::SensorBaro::calSeaLevelPressure(float, float)	32	static
SensorBaro.cpp:51:1:void __static_initialization_and_destruction_0(int, int)	16	static
SensorBaro.cpp:51:1:cpp)	8	static
