bme280.c:14:6:BME280_init	48	static
bme280.c:50:6:BME280_readIT	16	static
bme280.c:59:9:BME280_i2cRxCpltCallback	16	static
bme280.c:74:9:BME280_getChipID	16	static
bme280.c:78:6:BME280_reset	8	static
bme280.c:82:9:BME280_readTemperature	16	static
bme280.c:88:9:BME280_readPressure	16	static
bme280.c:93:9:BME280_readHumidity	16	static
bme280.c:103:9:BME280_compensate_T	32	static
bme280.c:115:10:BME280_compensate_P	64	static
bme280.c:138:10:BME280_compensate_H	24	static
bme280.c:151:6:BME280_writeByte	32	static
bme280.c:154:6:BME280_readBytes	40	static
bme280.c:157:9:BME280_readByte	24	static
