bme280.c:14:6:BME280_init	48	static
bme280.c:50:6:BME280_readIT	16	static
bme280.c:59:6:BME280_i2cRxCpltCallback	16	static
bme280.c:73:9:BME280_getChipID	16	static
bme280.c:77:6:BME280_reset	8	static
bme280.c:81:9:BME280_readTemperature	16	static
bme280.c:87:9:BME280_readPressure	16	static
bme280.c:92:9:BME280_readHumidity	16	static
bme280.c:102:9:BME280_compensate_T	32	static
bme280.c:114:10:BME280_compensate_P	64	static
bme280.c:137:10:BME280_compensate_H	24	static
bme280.c:150:6:BME280_writeByte	32	static
bme280.c:153:6:BME280_readBytes	40	static
bme280.c:156:9:BME280_readByte	24	static
