MPU9250.c:15:6:MPU9250	16	static
MPU9250.c:55:6:MPU9250_updateDMA	16	static
MPU9250.c:61:9:MPU9250_i2cRxCpltCallback	16	static
MPU9250.c:85:18:MPU9250_calRawData	4	static
MPU9250.c:100:6:MPU9250_calCalibValue	4	static
MPU9250.c:118:18:AK8963_calRawData	4	static
MPU9250.c:127:6:AK8963_calCalibValue	4	static
MPU9250.c:134:6:MPU9250_getMres	4	static
MPU9250.c:148:6:MPU9250_getGres	4	static
MPU9250.c:170:6:MPU9250_getAres	4	static
MPU9250.c:192:6:MPU9250_readAccelData	16	static
MPU9250.c:201:6:MPU9250_readGyroData	16	static
MPU9250.c:210:6:MPU9250_readMagData	16	static
MPU9250.c:224:10:MPU9250_readTempData	16	static
MPU9250.c:233:6:MPU9250_resetMPU9250	8	static
MPU9250.c:239:6:MPU9250_initAK8963	16	static
MPU9250.c:263:6:MPU9250_initMPU9250	16	static
MPU9250.c:320:6:MPU9250_calibrateMPU9250	88	static
MPU9250.c:468:6:MPU9250_SelfTest	136	static
MPU9250.c:552:6:MPU9250_writeByte	32	static
MPU9250.c:557:6:MPU9250_readBytes	40	static
MPU9250.c:562:6:MPU9250_readByte	24	static
MPU9250.c:569:7:invSqrt	32	static
