MPU9250.c:15:6:MPU9250	16	static
MPU9250.c:55:6:MPU9250_updateDMA	16	static
MPU9250.c:61:6:MPU9250_i2cRxCpltCallback	16	static
MPU9250.c:81:18:MPU9250_calRawData	4	static
MPU9250.c:96:6:MPU9250_calCalibValue	4	static
MPU9250.c:114:18:AK8963_calRawData	4	static
MPU9250.c:123:6:AK8963_calCalibValue	4	static
MPU9250.c:130:6:MPU9250_getMres	4	static
MPU9250.c:144:6:MPU9250_getGres	4	static
MPU9250.c:166:6:MPU9250_getAres	4	static
MPU9250.c:188:6:MPU9250_readAccelData	16	static
MPU9250.c:197:6:MPU9250_readGyroData	16	static
MPU9250.c:206:6:MPU9250_readMagData	16	static
MPU9250.c:220:10:MPU9250_readTempData	16	static
MPU9250.c:229:6:MPU9250_resetMPU9250	8	static
MPU9250.c:235:6:MPU9250_initAK8963	16	static
MPU9250.c:259:6:MPU9250_initMPU9250	16	static
MPU9250.c:316:6:MPU9250_calibrateMPU9250	88	static
MPU9250.c:464:6:MPU9250_SelfTest	136	static
MPU9250.c:548:6:MPU9250_writeByte	32	static
MPU9250.c:553:6:MPU9250_readBytes	40	static
MPU9250.c:558:6:MPU9250_readByte	24	static
MPU9250.c:565:7:invSqrt	32	static
