I2Cdev.cpp:36:1:I2Cdev::I2Cdev(I2C_HandleTypeDef*)	16	static
I2Cdev.cpp:55:9:uint8_t I2Cdev::readBit(uint8_t, uint8_t, uint8_t, uint8_t*, uint16_t)	32	static
I2Cdev.cpp:71:9:uint8_t I2Cdev::readBitW(uint8_t, uint8_t, uint8_t, uint16_t*, uint16_t)	32	static
I2Cdev.cpp:88:9:uint8_t I2Cdev::readBits(uint8_t, uint8_t, uint8_t, uint8_t, uint8_t*, uint16_t)	32	static
I2Cdev.cpp:115:9:uint8_t I2Cdev::readBitsW(uint8_t, uint8_t, uint8_t, uint8_t, uint16_t*, uint16_t)	32	static
I2Cdev.cpp:141:9:uint8_t I2Cdev::readByte(uint8_t, uint8_t, uint8_t*, uint16_t)	32	static
I2Cdev.cpp:153:9:uint8_t I2Cdev::readWord(uint8_t, uint8_t, uint16_t*, uint16_t)	32	static
I2Cdev.cpp:166:9:uint8_t I2Cdev::readBytes(uint8_t, uint8_t, uint8_t, uint8_t*, uint16_t)	32	static
I2Cdev.cpp:183:9:uint8_t I2Cdev::readWords(uint8_t, uint8_t, uint8_t, uint16_t*, uint16_t)	32	static
I2Cdev.cpp:201:10:uint16_t I2Cdev::writeBit(uint8_t, uint8_t, uint8_t, uint8_t)	32	static
I2Cdev.cpp:216:10:uint16_t I2Cdev::writeBitW(uint8_t, uint8_t, uint8_t, uint16_t)	32	static
I2Cdev.cpp:232:10:uint16_t I2Cdev::writeBits(uint8_t, uint8_t, uint8_t, uint8_t, uint8_t)	32	static
I2Cdev.cpp:265:10:uint16_t I2Cdev::writeBitsW(uint8_t, uint8_t, uint8_t, uint8_t, uint16_t)	32	static
I2Cdev.cpp:296:10:uint16_t I2Cdev::writeByte(uint8_t, uint8_t, uint8_t)	24	static
I2Cdev.cpp:307:10:uint16_t I2Cdev::writeWord(uint8_t, uint8_t, uint16_t)	24	static
I2Cdev.cpp:319:10:uint16_t I2Cdev::writeBytes(uint8_t, uint8_t, uint8_t, uint8_t*)	32	static
I2Cdev.cpp:341:10:uint16_t I2Cdev::writeWords(uint8_t, uint8_t, uint8_t, uint16_t*)	32	static
