cmath:125:3:constexpr float std::atan(float)	16	static
cmath:463:3:constexpr float std::sqrt(float)	16	static
mpu6050.h:440:17:void MPU6050::getMotionIT()	24	static
mpu6050.h:443:17:void MPU6050::updateMotionIT()	72	static
utils.h:7:6:void time_tic()	4	static
utils.h:10:10:uint32_t time_toc()	4	static
main.cpp:64:6:void CppMain()	88	static
main.cpp:94:6:void HAL_I2C_MemRxCpltCallback(I2C_HandleTypeDef*)	16	static
main.cpp:100:6:void HAL_TIM_PeriodElapsedCallback(TIM_HandleTypeDef*)	16	static
main.cpp:109:1:void __static_initialization_and_destruction_0(int, int)	16	static
main.cpp:109:1:cpp)	8	static
