std_abs.h:74:3:constexpr float std::abs(float)	16	static
cmath:1771:3:constexpr float std::round(float)	16	static
mpu6050.cpp:55:7:float map(float, float, float, float, float)	32	static
mpu6050.cpp:74:1:MPU6050::MPU6050(I2C_HandleTypeDef*, uint8_t)	24	static
mpu6050.cpp:80:6:void MPU6050::initialize()	16	static
mpu6050.cpp:89:6:bool MPU6050::testConnection()	16	static
mpu6050.cpp:92:6:void MPU6050::updateRawMotion()	24	static
mpu6050.cpp:103:6:void MPU6050::setClockSource(uint8_t)	24	static
mpu6050.cpp:106:6:void MPU6050::setFullScaleGyroRange(uint8_t)	24	static
mpu6050.cpp:109:6:void MPU6050::setFullScaleAccelRange(uint8_t)	24	static
mpu6050.cpp:112:6:void MPU6050::setSleepEnabled(bool)	24	static
mpu6050.cpp:117:6:void MPU6050::CalibAccelGyro()	56	static
mpu6050.cpp:153:9:uint8_t MPU6050::getDeviceID()	32	static
mpu6050.cpp:158:9:uint8_t MPU6050::getDLPFMode()	32	static
mpu6050.cpp:163:6:void MPU6050::setDLPFMode(uint8_t)	24	static
mpu6050.cpp:167:6:void MPU6050::setRate(uint8_t)	16	static
mpu6050.cpp:173:6:void MPU6050::CalibrateGyro(uint8_t)	48	static
mpu6050.cpp:187:6:void MPU6050::CalibrateAccel(uint8_t)	40	static
mpu6050.cpp:199:6:void MPU6050::PID(uint8_t, float, float, uint8_t)	112	static
mpu6050.cpp:262:6:void MPU6050::resetFIFO()	24	static
mpu6050.cpp:265:6:void MPU6050::reset()	24	static
mpu6050.cpp:270:9:int16_t MPU6050::getXAccelOffset()	40	static
mpu6050.cpp:275:6:void MPU6050::setXAccelOffset(int16_t)	24	static
mpu6050.cpp:282:9:int16_t MPU6050::getYAccelOffset()	40	static
mpu6050.cpp:287:6:void MPU6050::setYAccelOffset(int16_t)	24	static
mpu6050.cpp:294:9:int16_t MPU6050::getZAccelOffset()	40	static
mpu6050.cpp:299:6:void MPU6050::setZAccelOffset(int16_t)	24	static
mpu6050.cpp:306:9:int16_t MPU6050::getXGyroOffset()	24	static
mpu6050.cpp:310:6:void MPU6050::setXGyroOffset(int16_t)	16	static
mpu6050.cpp:316:9:int16_t MPU6050::getYGyroOffset()	24	static
mpu6050.cpp:320:6:void MPU6050::setYGyroOffset(int16_t)	16	static
mpu6050.cpp:326:9:int16_t MPU6050::getZGyroOffset()	24	static
mpu6050.cpp:330:6:void MPU6050::setZGyroOffset(int16_t)	16	static
mpu6050.cpp:333:6:void MPU6050::PrintActiveOffsets()	56	static
