sbus.h:34:9:uint8_t _bitCount64(uint64_t)	32	static
sbus.h:73:6:void SBUS_init(UART_HandleTypeDef*)	16	static
sbus.h:85:15:SBUS_Result_t SBUS_decoding()	24	static
sbus.h:137:15:SBUS_Result_t SBUS_uartRxCpltCallback()	16	static
sbus.h:172:6:void SBUS_print()	16	static
sbus.h:179:10:uint16_t SBUS_getChannel(uint8_t)	16	static
cmath:106:3:constexpr float std::asin(float)	16	static
cmath:144:3:constexpr float std::atan2(float, float)	16	static
cmath:184:3:constexpr float std::cos(float)	16	static
cmath:425:3:constexpr float std::sin(float)	16	static
cmath:463:3:constexpr float std::sqrt(float)	16	static
Usec.h:19:26:uint64_t microsecond()	12	static
MsgBus.hpp:26:5:bool FC::MsgBus::getBodyAccel(FC::BodyAccel*)	24	static
MsgBus.hpp:26:5:void FC::MsgBus::setBodyAccel(const FC::BodyAccel&)	24	static
MsgBus.hpp:27:5:bool FC::MsgBus::getBodyAngularVelocity(FC::BodyAngularVelocity*)	24	static
MsgBus.hpp:27:5:void FC::MsgBus::setBodyAngularVelocity(const FC::BodyAngularVelocity&)	24	static
MsgBus.hpp:28:5:bool FC::MsgBus::getBodyMag(FC::BodyMag*)	24	static
MsgBus.hpp:28:5:void FC::MsgBus::setBodyMag(const FC::BodyMag&)	24	static
MsgBus.hpp:29:5:bool FC::MsgBus::getGPS(FC::GPS*)	24	static
MsgBus.hpp:29:5:void FC::MsgBus::setGPS(const FC::GPS&)	16	static
MsgBus.hpp:30:5:bool FC::MsgBus::getBarometer(FC::Barometer*)	16	static
MsgBus.hpp:30:5:void FC::MsgBus::setBarometer(const FC::Barometer&)	16	static
MsgBus.hpp:31:5:void FC::MsgBus::setController(const FC::Controller&)	16	static
MsgBus.hpp:33:5:bool FC::MsgBus::getAttitude(FC::Attitude*)	24	static
MsgBus.hpp:33:5:void FC::MsgBus::setAttitude(const FC::Attitude&)	24	static
MsgBus.hpp:34:5:bool FC::MsgBus::getNedAccel(FC::NedAccel*)	24	static
MsgBus.hpp:34:5:void FC::MsgBus::setNedAccel(const FC::NedAccel&)	24	static
MsgBus.hpp:36:5:bool FC::MsgBus::getModeFlag(FC::ModeFlag*)	16	static
MsgBus.hpp:36:5:void FC::MsgBus::setModeFlag(const FC::ModeFlag&)	16	static
SensorAccel.hpp:20:6:void FC::SensorAccel::setAccel(float, float, float)	32	static
SensorGyro.hpp:17:6:void FC::SensorGyro::setGyro(float, float, float)	32	static
SensorMag.hpp:21:6:void FC::SensorMag::setMag(float, float, float)	32	static
SensorGPS.hpp:21:6:void FC::SensorGPS::setGPS(double, double, float, float, float, float, float, uint8_t, uint8_t, uint64_t)	80	static
SensorBaro.hpp:18:6:void FC::SensorBaro::setBaro(float, float)	32	static
ModuleCommander.h:53:6:void FC::ModuleCommander::main()	24	static
ModuleCommander.h:60:6:static bool FC::ModuleCommander::sendCommand(FC::Command)	16	static
ModuleCommander.h:67:11:FC::CmdResult FC::ModuleCommander::commandHandler(FC::Command)	16	static
ModuleCommander.h:94:11:FC::CmdResult FC::ModuleCommander::toAttitude()	16	static
ModuleCommander.h:98:11:FC::CmdResult FC::ModuleCommander::toArm()	40	static
ModuleCommander.h:106:11:FC::CmdResult FC::ModuleCommander::toDisArm()	40	static
RC.hpp:23:6:void FC::RC::setRC(uint16_t, uint16_t, uint16_t, uint16_t, uint16_t, uint16_t, uint16_t, uint16_t, uint16_t)	56	static
ModuleAHRS.hpp:42:6:void FC::ModuleAHRS::main()	144	static
ModuleAHRS.hpp:103:6:void FC::ModuleAHRS::MadgwickAHRSupdate(float, float, float, float, float, float, float, float, float)	208	static
ModuleAHRS.hpp:198:6:void FC::ModuleAHRS::MadgwickAHRSupdateIMU(float, float, float, float, float, float)	152	static
ModuleAHRS.hpp:264:7:float FC::ModuleAHRS::invSqrt(float)	32	static
main.cpp:59:5:int _write(int, unsigned char*, int)	24	static
main.cpp:65:6:void MPU9250_StartTask(void*)	16	static
main.cpp:71:6:void BME280_StartTask(void*)	16	static
main.cpp:77:6:void IST8310_StartTask(void*)	16	static
main.cpp:83:6:void SD_StartTask(void*)	512	static
main.cpp:158:6:void AHRS_StartTask(void*)	184	static
main.cpp:166:6:void moduleCommanderMain(void*)	16	static
main.cpp:187:6:void debug_main(void*)	16	static
main.cpp:193:6:void cppMain()	24	static
main.cpp:241:6:void HAL_I2C_MemRxCpltCallback(I2C_HandleTypeDef*)	16	static
main.cpp:266:6:void HAL_UART_RxCpltCallback(UART_HandleTypeDef*)	80	static
main.cpp:295:6:void HAL_TIM_IC_CaptureCallback(TIM_HandleTypeDef*)	16	static
Matrix.hpp:63:5:constexpr matrix::Matrix<Type, M, N>::Matrix() [with Type = float; unsigned int M = 4; unsigned int N = 1]	16	static
Vector.hpp:25:5:constexpr matrix::Vector<Type, M>::Vector() [with Type = float; unsigned int M = 4]	16	static
Quaternion.hpp:240:5:matrix::Quaternion<Type>::Quaternion(Type, Type, Type, Type) [with Type = float]	40	static
Quaternion.hpp:342:16:matrix::Quaternion<Type> matrix::Quaternion<Type>::inversed() const [with Type = float]	40	static
Matrix.hpp:63:5:constexpr matrix::Matrix<Type, M, N>::Matrix() [with Type = float; unsigned int M = 3; unsigned int N = 3]	16	static
SquareMatrix.hpp:29:5:constexpr matrix::SquareMatrix<Type, M>::SquareMatrix() [with Type = float; unsigned int M = 3]	16	static
Dcm.hpp:89:5:matrix::Dcm<Type>::Dcm(const matrix::Quaternion<Type>&) [with Type = float]	88	static
Matrix.hpp:63:5:constexpr matrix::Matrix<Type, M, N>::Matrix() [with Type = float; unsigned int M = 3; unsigned int N = 1]	16	static
Vector.hpp:25:5:constexpr matrix::Vector<Type, M>::Vector() [with Type = float; unsigned int M = 3]	16	static
Vector3.hpp:47:5:matrix::Vector3<Type>::Vector3(Type, Type, Type) [with Type = float]	32	static
Matrix.hpp:150:24:matrix::Matrix<Type, M, P> matrix::Matrix<Type, M, N>::operator*(const matrix::Matrix<Type, N, P>&) const [with unsigned int P = 1; Type = float; unsigned int M = 3; unsigned int N = 3]	48	static
Vector3.hpp:37:5:matrix::Vector3<Type>::Vector3(const Matrix31&) [with Type = float]	16	static
Matrix.hpp:76:5:matrix::Matrix<Type, M, N>::Matrix(const matrix::Matrix<Type, M, N>&) [with Type = float; unsigned int M = 3; unsigned int N = 1]	16	static
Vector.hpp:52:18:Type& matrix::Vector<Type, M>::operator()(size_t) [with Type = float; unsigned int M = 3]	24	static
Vector.hpp:52:18:Type& matrix::Vector<Type, M>::operator()(size_t) [with Type = float; unsigned int M = 4]	24	static
Vector.hpp:61:10:Type matrix::Vector<Type, M>::dot(const MatrixM1&) const [with Type = float; unsigned int M = 4]	40	static
Vector.hpp:43:17:Type matrix::Vector<Type, M>::operator()(size_t) const [with Type = float; unsigned int M = 4]	24	static
Matrix.hpp:107:18:Type& matrix::Matrix<Type, M, N>::operator()(size_t, size_t) [with Type = float; unsigned int M = 3; unsigned int N = 3]	24	static
Matrix.hpp:449:10:void matrix::Matrix<Type, M, N>::setZero() [with Type = float; unsigned int M = 3; unsigned int N = 1]	16	static
Matrix.hpp:107:18:Type& matrix::Matrix<Type, M, N>::operator()(size_t, size_t) [with Type = float; unsigned int M = 3; unsigned int N = 1]	24	static
Matrix.hpp:97:17:Type matrix::Matrix<Type, M, N>::operator()(size_t, size_t) const [with Type = float; unsigned int M = 3; unsigned int N = 3]	24	static
Matrix.hpp:97:17:Type matrix::Matrix<Type, M, N>::operator()(size_t, size_t) const [with Type = float; unsigned int M = 3; unsigned int N = 1]	24	static
Vector.hpp:27:5:matrix::Vector<Type, M>::Vector(const MatrixM1&) [with Type = float; unsigned int M = 3]	16	static
Matrix.hpp:107:18:Type& matrix::Matrix<Type, M, N>::operator()(size_t, size_t) [with Type = float; unsigned int M = 4; unsigned int N = 1]	24	static
Matrix.hpp:97:17:Type matrix::Matrix<Type, M, N>::operator()(size_t, size_t) const [with Type = float; unsigned int M = 4; unsigned int N = 1]	24	static
main.cpp:297:1:void __static_initialization_and_destruction_0(int, int)	24	static
main.cpp:297:1:cpp)	8	static
